The ``7-base_geometry`` module
======================

Using ``BaseGeometry``
-------------------

Importing the function from the module:
        >>> BaseGeometry = __import__("7-base_geometry").BaseGeometry

>>> bg=BaseGeometry()
>>> bg.area()
Traceback (most recent call last):
...
Exception: area() is not implemented
>>> bg.integervalidator("", 1)
>>> bg.integer_validator("int", 0)
Traceback (most recent call last):
...
ValueError: int must be greater than 0
>>> bg.integer_validator("int", True)
Traceback (most recent call last):
...
TypeError: int must be an integer
>>> b.integer_validator()
Traceback (most recent call last):
...
TypeError: integer_validator() missing 2 required positional arguments: 'name' and 'value'
>>> b.integer_validator("int")
Traceback (most recent call last):
...
TypeError: integer_validator() missing 1 required positional argument: 'value'
